------------------------------------------------------------
Timing Analyzer Summary
------------------------------------------------------------

Type  : Slow 1200mV 125C Model Setup 'currentState.S0'
Slack : -16.663
TNS   : -363.286

Type  : Slow 1200mV 125C Model Setup 'oper'
Slack : -14.060
TNS   : -840.802

Type  : Slow 1200mV 125C Model Setup 'clk'
Slack : -6.672
TNS   : -21.155

Type  : Slow 1200mV 125C Model Hold 'oper'
Slack : -0.423
TNS   : -2.413

Type  : Slow 1200mV 125C Model Hold 'clk'
Slack : 0.451
TNS   : 0.000

Type  : Slow 1200mV 125C Model Hold 'currentState.S0'
Slack : 0.727
TNS   : 0.000

Type  : Slow 1200mV 125C Model Minimum Pulse Width 'oper'
Slack : -3.000
TNS   : -81.612

Type  : Slow 1200mV 125C Model Minimum Pulse Width 'clk'
Slack : -3.000
TNS   : -13.409

Type  : Slow 1200mV 125C Model Minimum Pulse Width 'currentState.S0'
Slack : 0.347
TNS   : 0.000

Type  : Slow 1200mV -40C Model Setup 'currentState.S0'
Slack : -14.503
TNS   : -321.513

Type  : Slow 1200mV -40C Model Setup 'oper'
Slack : -12.293
TNS   : -722.666

Type  : Slow 1200mV -40C Model Setup 'clk'
Slack : -5.374
TNS   : -16.827

Type  : Slow 1200mV -40C Model Hold 'oper'
Slack : -0.166
TNS   : -0.466

Type  : Slow 1200mV -40C Model Hold 'clk'
Slack : 0.363
TNS   : 0.000

Type  : Slow 1200mV -40C Model Hold 'currentState.S0'
Slack : 0.925
TNS   : 0.000

Type  : Slow 1200mV -40C Model Minimum Pulse Width 'oper'
Slack : -3.000
TNS   : -64.275

Type  : Slow 1200mV -40C Model Minimum Pulse Width 'clk'
Slack : -3.000
TNS   : -11.995

Type  : Slow 1200mV -40C Model Minimum Pulse Width 'currentState.S0'
Slack : 0.118
TNS   : 0.000

Type  : Fast 1200mV -40C Model Setup 'currentState.S0'
Slack : -7.566
TNS   : -150.235

Type  : Fast 1200mV -40C Model Setup 'oper'
Slack : -5.981
TNS   : -366.246

Type  : Fast 1200mV -40C Model Setup 'clk'
Slack : -2.983
TNS   : -7.837

Type  : Fast 1200mV -40C Model Hold 'oper'
Slack : -0.367
TNS   : -3.420

Type  : Fast 1200mV -40C Model Hold 'clk'
Slack : 0.192
TNS   : 0.000

Type  : Fast 1200mV -40C Model Hold 'currentState.S0'
Slack : 0.305
TNS   : 0.000

Type  : Fast 1200mV -40C Model Minimum Pulse Width 'oper'
Slack : -3.000
TNS   : -38.539

Type  : Fast 1200mV -40C Model Minimum Pulse Width 'clk'
Slack : -3.000
TNS   : -11.216

Type  : Fast 1200mV -40C Model Minimum Pulse Width 'currentState.S0'
Slack : 0.159
TNS   : 0.000

------------------------------------------------------------
