------------------------------------------------------------
Timing Analyzer Summary
------------------------------------------------------------

Type  : Slow 1200mV 125C Model Setup 'currentState.S1'
Slack : -14.240
TNS   : -836.099

Type  : Slow 1200mV 125C Model Setup 'currentState.S0'
Slack : -12.851
TNS   : -750.597

Type  : Slow 1200mV 125C Model Setup 'oper'
Slack : -12.216
TNS   : -816.766

Type  : Slow 1200mV 125C Model Setup 'clk'
Slack : -3.801
TNS   : -8.761

Type  : Slow 1200mV 125C Model Hold 'oper'
Slack : -4.657
TNS   : -118.565

Type  : Slow 1200mV 125C Model Hold 'clk'
Slack : -2.266
TNS   : -6.203

Type  : Slow 1200mV 125C Model Hold 'currentState.S1'
Slack : -2.031
TNS   : -16.107

Type  : Slow 1200mV 125C Model Hold 'currentState.S0'
Slack : -0.303
TNS   : -0.370

Type  : Slow 1200mV 125C Model Minimum Pulse Width 'clk'
Slack : -3.000
TNS   : -11.922

Type  : Slow 1200mV 125C Model Minimum Pulse Width 'oper'
Slack : -3.000
TNS   : -4.332

Type  : Slow 1200mV 125C Model Minimum Pulse Width 'currentState.S0'
Slack : 0.261
TNS   : 0.000

Type  : Slow 1200mV 125C Model Minimum Pulse Width 'currentState.S1'
Slack : 0.375
TNS   : 0.000

Type  : Slow 1200mV -40C Model Setup 'currentState.S1'
Slack : -12.567
TNS   : -730.104

Type  : Slow 1200mV -40C Model Setup 'currentState.S0'
Slack : -11.419
TNS   : -654.373

Type  : Slow 1200mV -40C Model Setup 'oper'
Slack : -10.806
TNS   : -708.524

Type  : Slow 1200mV -40C Model Setup 'clk'
Slack : -3.195
TNS   : -6.896

Type  : Slow 1200mV -40C Model Hold 'oper'
Slack : -4.084
TNS   : -102.782

Type  : Slow 1200mV -40C Model Hold 'clk'
Slack : -2.000
TNS   : -5.433

Type  : Slow 1200mV -40C Model Hold 'currentState.S1'
Slack : -1.610
TNS   : -10.505

Type  : Slow 1200mV -40C Model Hold 'currentState.S0'
Slack : -0.189
TNS   : -0.189

Type  : Slow 1200mV -40C Model Minimum Pulse Width 'clk'
Slack : -3.000
TNS   : -10.710

Type  : Slow 1200mV -40C Model Minimum Pulse Width 'oper'
Slack : -3.000
TNS   : -3.885

Type  : Slow 1200mV -40C Model Minimum Pulse Width 'currentState.S0'
Slack : 0.252
TNS   : 0.000

Type  : Slow 1200mV -40C Model Minimum Pulse Width 'currentState.S1'
Slack : 0.334
TNS   : 0.000

Type  : Fast 1200mV -40C Model Setup 'currentState.S1'
Slack : -6.754
TNS   : -373.702

Type  : Fast 1200mV -40C Model Setup 'oper'
Slack : -5.816
TNS   : -355.658

Type  : Fast 1200mV -40C Model Setup 'currentState.S0'
Slack : -5.752
TNS   : -325.330

Type  : Fast 1200mV -40C Model Setup 'clk'
Slack : -1.088
TNS   : -1.634

Type  : Fast 1200mV -40C Model Hold 'oper'
Slack : -2.532
TNS   : -64.800

Type  : Fast 1200mV -40C Model Hold 'clk'
Slack : -1.179
TNS   : -3.184

Type  : Fast 1200mV -40C Model Hold 'currentState.S1'
Slack : -1.123
TNS   : -10.972

Type  : Fast 1200mV -40C Model Hold 'currentState.S0'
Slack : -0.053
TNS   : -0.069

Type  : Fast 1200mV -40C Model Minimum Pulse Width 'oper'
Slack : -3.000
TNS   : -10.878

Type  : Fast 1200mV -40C Model Minimum Pulse Width 'clk'
Slack : -3.000
TNS   : -9.166

Type  : Fast 1200mV -40C Model Minimum Pulse Width 'currentState.S0'
Slack : 0.316
TNS   : 0.000

Type  : Fast 1200mV -40C Model Minimum Pulse Width 'currentState.S1'
Slack : 0.371
TNS   : 0.000

------------------------------------------------------------
